Vfitd7XCyaVQhkAuzfL22zG8N2W+aKgMb53+iXgo9mOwEReWGTx4gXetmv5nvflS4HQQvkUGhBvH SxOASBAFGAmTSKTTaAcWzOVCw5aWnbmlYQjU6Uh4PHSrBFl/5Tm7Bgx8nipyD7VpTXt+TKdIYuG8 pjloYUuwXY2X8jBFHgaHrHC7ESsEi2gx6qiI1L5YdWQr6MeE/mXHecPm/UIaDd5VG9EieiMw6Iqf xNZWe7MG1mWb1PtGGrbDiusIxiRxZ3cRORXYN6sIJRO8p8z2qU05ytNQpA9DRdC+QPDTlqZplKav pyaykRnIhADWs2II2C3AXQyraYICUhhaICMs24ZcIgECTq2GmodnlO1e1KCus76h/xu02tEHOCzZ OHrRLk0DkHIqZHCf1X6EXBOVYMirUCL5ikwk9+ImMpu9yu020yuvASmpFLHLsGxJqimbRq//A2Ts zDYqL7M3FS351TnXQ+wyoUdVXO6gZ3vAjFnLXm5ib7tR9EfxmK1qFW8skhS9l6SwRR6HPtpirlHp 5IUOLUsMLz84N8mkiqrpDscPgTgxWAMjEZ1HXhHK3BVsVyxH471lJXRW0278jPGeaY348KCC5m5K uv/jOWoQv1FV3hANK7dt9zEgbVA1NJ4DoFVSC5fHqInYlgaqHT1M0xiJtbkmB0wQXqwDQ97rlAdP s06IhJulpFX2lQTzoPiKVwlU9zP/CAVtOojOGZtRrMynoCI8oEZzJVpPNhdZ2HHzRREjBTKzkbkm CoCPfxVmmHJJ1rSF0h0tVp52WMOk8puJgYH3D+M19FSGqECdgjqG+dFw6t9MvopGB7/m28sN39iO T/aGgAPBrT8kSQGvb4WY1eU4pfp++ZcKS1m3k2z9YnvgCXcnbO1brjSlxEkBJ9ZuhsY666TVk35+ +zDuzm3+NSfLBHVnueIQe1Dm46YY0UomaqEa1o4b57E61DPW6G/OsnXgE/2aLcqiqo3GpHlcBqqh
