nAI5R17GTRj6iHaTj8CV0A7lCditnjND6PfJZhCBMs4ZvCri7EUCoEL9eopYPOb3n7NQG2sbUfTd S813H64TlOnLNtTIqTt/8D+62BNOO4G1qzs+2xA6c/Rg/1AWNTAIin/GvXD0y+HqFfyVPfaV0+8k oy64x+5kZAyxzgUyRW/uUTMY4q9JXtpGXOwGmuLmzpsTJkJiZynDxGt1IC9BS3UvjsRCsEAZd+Wo 3nJzXahSyp49oIXS10Tjceta3QhOsZl29m/OJiIi5nrlOZnaitZYjeuoqq/EKNh1hdKM5la5ImBQ 35gMpq762OriInA8LBbuDd4lAPstIC9CXbc+vYAlrhMCP6kGtI9iIw/+nQU+j9//Cgfba1HmHmZX 2ZtwccGrRIEkUARIsP9ozLorbA7II036h7M+i1P1LKiGnAT61jrh1ZY9neLe8CMgy4ePMdkdHfHs Z/l/8gvFnun4FFkWGpFaANfsRjkvkNYIyw9D9ZX+kU/2ti8UZhIdhdayCw7IsVtUo8jEvNvHLxUs /zTuurplCZIO+dbzjpUu7NCCgDzp8paD7h+kkzLO9DlXE4QiGktCJoDRDlsaEgo0bWYS0Ccey7GJ wx7a/xLauiOxbAJcenl6xWXcmfkw9uhMcFMoGuaYEHf4BtNA+uoGC92yG4UIqMClJa6ria+KEs2g FrKzVZB2Uh7pgqrAJnyxmFbnWTjw3sI5v6BuIDpRInrTO8Gy+NFMoIV+LVLDHhcodizQE5J9omEw gwZTTPwMYBsPWvV+Be63IfiYQFW0gCwvB2jG2GYtr6/C7h0x5gASn4V9UMc1PdSrqwS6JE8MlLPJ xYpRADirIU/FC1UF09enOUge0UB3EWBZETIEe7YhVFHJOB2Q8drA/W9GjpyXxwzir21jSP4cRiJX eWeTUT9CYhHnQsjkhByke55J4INoqwDgH2W9XHxKAqAsrtzZwTlul20JwQqeBjtKhoa9lOlp2lMe
