e68XdhCOiCKvCyVjBOiZ1sJqu9so5xMPzIUNhnTxbPQ2F9sIgw77LyKbmiF5Fmm5bcvIjZfrpQmz 2UPMyehABhQ0Wy84LZsUqb3T8KhYTQvFrGLqX4FcmpZBt/yHKU8qJ/uduiCuuR/MkEvufqCcpQQG SJVa3atcMJPYkaWC8JmImYhb1OH7cXKECH+IYFrsmUQ9sOg0InW2lEWWrLt/1wYG0Zdtv6UWZxZs edRiFVBVfS9yQIhoNH2nVROErKRNjKQawmYTE+GNhSQGuAwLVvozQbXg/YdTnZB7l+VuKGXclA/v jYDJiHj3WM/+O/Vat8mW+rk9q4VgQ/rWF9SX0yh1bV94nLJYz51iv7PWglVF9ngrp9c+pp7dJyjs DGgTxGmwKgPaHf7voWL7y/lFa/m/CGt4NmMA1F20dCV4Sxq5/kqrG26rLNS2NjME/R2O+tivAmCE SUSFg4L5Idy49ieC8jjiXW2NCUSmw62I+59LCzohsyBY9/1P7BqAda25tChfN+ClS2RKIzTixNLX UBXRgl9kFfAcKEz2Jbksa9wyhrX1xfRddPETno+sxx6sMuvV4QJKi4KMF4WRHt7+mO9CfOKWi8su sB292EMVXEIrqk05J9AY+oJ88luA/vSoa4VyvLCwCzjCnqJtQ9/Vacu1Y+rX7TzW7MynW3B9QIN2 DI1Xr1/oEk3PPeJyxs5oOtzLpAz63/NVlmbnB97hV01B7FDqChsM3LKSiVLL14KLYpdkU0GRe3q/ 6LjUG+1xLces7eh1D8lyqw9aQIOMrye1UWXtoNUagaYQYKme5bAtrn6Ztj0Pjhof/BaSbJjvfDVR 44TNGfkSIW9CS9CrKsGIDg4cHPIzbkRsJOHYdYbeJeQYQs59vX4IIMiM2u+z+/MGWlYIYbm5vJEj Opm2eLySCdBX1KWZWW07XFbFWXv/wQwETg8ZVeR5M/nDBib8AuJlNZqvd34yQteF7+R+sc492fnN
