ISevHMDxc/BokXKk1PFx1wDj/jP0sqcSq1SyqK8qpQed/EHTAVfzaJ5Gy94BHXYefR/+lyw6DEN/ o8uB5oYc9KMndIvJuSf2uj6gtmr0vKwwg1GHrVDGreULW02gNTSPpvrUy1FJxQWbVaVTnURSBtVC Uxg9FotU7ARlo4AO37A0rM9CMdVwZxgBRf6tQja9SyPpnKVE/HrDMilVL+trs51h85EP93Wz+Z34 IOnGvEyEBu875nbOfpfzeRiiCazDCmoPib7dv7XvaX0eMLAHbPXxo1rqRkBsdKLfBsU8pTwD+tUM fl3LQcTs8P3B/kC97Cn6/H3XtEWKkv+z0WjMSkqxpE0YIro9jkRv1VnBglND7XQ3Ljlu+eMLskXb /CbUnEOXxhEk0ZBHp8+nKqZpArgRptrgIgBAGg9/30OSb4kQ0f/Ly+oRnt4kqWdCBIUNX6Ob6u6T qglwG3hBqL734zZxXXOUbGoCLnvW+esKxUgk4scLBqgCCJBpkk0fghSJl0xboYz5PEAHaYXjRmyK lauO5vkwxa9GahHS06V3M39O4OORGO5QXd7Bc8+nOMVSrAkwskdNZQppzcB5bW2Uuf6ccYHYHx48 +RNtmAS1FUUHpKD8AYHSi6JFT6MRl3D5xd+w7UFh9OaQPW+gV+71PNBO1kUuWrMkS8BkoDOs7MuZ P161SUXXwlU14MRZrw8H2MxYLrSGQWxeM6rTNT0Nh7G586sU1weOPD5GT7dKL4pJ3lcth/vDFNGl 1Ye96EOriYERMpJM/pL2uKlWgMSlRuePmPfSW97PiebdHylLuTPpLgdMZyDwjC+3X28uNgzV0bj4 xLlh27ueO8YpfpxDB767wf1CxpcxBzT1hvCQebb0+g1f38O0DdRGGGosDKEZhd/0SeQGaNoqm9gC jQLAtUNQhkUn/VrDP6TPJK1b2Br1Hz66ASPDHO9Y5hA7nxdNfyyw0zldNQPldh1+790MK2i6u+iH
