fivmSv6Oivkx2xwl2zt9gIH36YI/H1i7tCKNEBaoOtDK6L072KYzzW2Wsv0MG9k3iIUUnWaoZVVC ++lir4qz68jdRZNCXzS0wCrhn8jCCzuZ5b7iS7jPC1qrAYLnbdS61s7mkd4Z13BetYgUpuvwRJaq 3S0v0Q+39kv5FJyQQsQ+RAOgC8h1WhyqD8PdzGCQn2OPJsT6WT0MdGkqGmj1OLuN0SDBBte4hcj4 ljJv5PQpiqLFm+1R/eEa9bhABm2My7lGcCi+11gZ56HW56/qaYIok0/KGxFbKecRFpAGhVrkA70e RTo8MOBKv3ui838S1CRy3pkw2hqykNiDtDebJ9lf7t7yeoOpU2d4wsaVsllewv+o1uLmL+ZgwjrB t2exclqp7m8GThhUhnYQVruJ3F6sh8eAL7wOlx/VxAtNPwISJxF4t/eoGTV/KhoBSAhKBuGY8bSD WunLd5lTR+d/Cnm0t5VOgyptqvJ/IIyjezZDUPyf09GmxwQP6pcNDQRM9s0zC3Kgq+HDOmC+ZbGk 08tx8f6r8OpNiLTaGmGBww7bITHHipvd9nwk7tBYhiqfyhim0vm8CKcV6rZHL/sRixox1QrRQd4R tsfG0bQrx/F0NpsXgBjoA7U0KTfRw7WNIOdNvIx07taapsS19iaZauMWYIcOTXnrnY1E14iUQFMM Kbm/7emK/aobQ8CBMZenTMMMrfRnEhyBWTCb9FK0La0Xj6nIEo+UAmMIRNMwM4DTG0L9jz0ZCKjw fWk4BcMJb1bWY8f58aLhgdeG4Vn75amuRsSq4qes8UFh2ELqe9EPKo2SeSKVni3x6xSIhFiu6L9H YAEeEg39XUM46kw1D4/l5ME6oBdgwvCZj1AKjnbFfD8YyOaBK5Uys7exSAQYy5lva3B3i2FhtDOe cQ/kKG4JIubVO4N/p4Vyy2IIJS7NR2H0PI+6jWwB7z7Oo+lA2kz7YpgRJwZSUfvyDQQCNF6H+3c5
