LhK9pZr/pLynwbA6leVZJklQPQ/9RyZ35ni+MsWY2wCebqh6vwrNY/qbJQmrWD+lFRvF7QG3r6l9 6qtRD84sJ6IBgskAHEB5T1v6oG2IFFjgcdEAiAefQiGtrEgzh3qpl3PXUVnVbr1Z1CSKSok6TaZ4 +m+8eiOJ97zhToT8aErghz53LzbWvv8mozRirEHY/RFk/yb/Zs7WY0NB3/K6iyjqD1Wlnmfzs5ZB XtXTYXn5Cdz33NuA/gTs+h/PvDyGz9wlY0BuzMrfL3o7vcMUaUL8vFG9vnWxV4OHe+1iK5L6ygCc zogS04Q24e6qg8nQZXKYAqQYy1JgfJyOaf9rNEXE9CrIP8tTqYqv2AjR2+hFE0+k1SgscwIMn9lB nFXlGwZpo9TyQm4vdVKxwRsAYJJvo81dcQKOOS04em2EANBgxtkjOaFjYBBZNkPfatfjtmNlj0d1 8lqs+K0Sms7mI1WEg8GfAbd3FTCcLaVfkv842LRS/xXs1+0BvJGWT8pAjU8mkn1SkNV7SpmSCQWk ydXNZC4ANY3me6icbNqLg+RpDhu3ykYckIutwF2NbB/93QrrlzT3i/zrLy8ZeHtyKQFGHFxoUgct pyBQFJHttnCrcEo9Sde7TB13G8ayzRzkEEadjpek2lUGqdxmbATXoaXHVo8hFPoSUipA+2sWN5u/ hSK83toOK2MjkS25qSc2lymm6Vo+sc+fR2rZ8/8WFCVqgIHWwtlOBMK4YrRUpu6KYNKMNcanyl6f XwQi/CC/31qD9GqvSlGbq0ujTDWNA6ruDc1pLm+UnHk6nYmvoyUNJy5UYcK8pnCqCBErmYgRHlA1 Ok+Cx0LoRtZAdJ2oMtdPVTY7ZVZLLBKOGgML7JItfBp5hGZuxjYpKO5dNQMYxbe0WkxG+yuZVHlf usPjHoxAuui75QOdqBKSFktX5qQ83ft84pH1rsOnpseX0QmMj+2hyykFaPOAwMlhAlhwgXOr/qya
