xxiJkWhZdz4O/CTsop2Wm0lmX1ugAq7o9FUiyrsLR3hyGAN4luXX6n4rCwfv8ZP5jbYb19WH90Fz IMTdhJNO8yTsZeX3zB0WfZtD9Ga6ANAz7V4ScAj5puiBvk+Tb/x5TxD+yhydnWNdKoAbzrWiWQty K32AcaAgevPL+BiM2K4jDm388+ZxJoArXdexmvwu+LXXlqmBIgQBfgYhHWMq7FAroGGVoaiylSV/ BUnYB2G3HQA5dCgB4R1aKeRbKJcIdTxavI843YIOMSodjnj7c2mYXD9jUw3tjWZ5lOxAuaYE+WIA dquFAS4UCD+47M7EThl1T0WV69UWd2NySqeg2V68u+KV/BmyoHCTQWn844w5il9MzNM5QQtQLdES yPzQPJmcy05AKJzn2d6UqSVRa13AIAMlG/jbm/nwlIbfbgcBtMzKjfyVAXNmHNTyhRB632FdoISz KM6w88XAfxo7Ha7wOB49xYWijwEfLduY505X6V9JhmkIGjW7KwanqygRVFenI2TJABo5cJVTfods LFh29Dkj8NkBEjpzyyG5c5BtkFiwpbi1nnU9Lb+W9aH/A7ZedwF5IHm1ar2RlhYzHG/AsmCTK9Q0 5X/2B9WYeYY1erORBZqCAV1eNvruMjv78pmBa1YxVV6xgalYvWSeXCryy3qMoknDj19IjYctBsiF TT1r5VeS2KKVQ2FztYqTFcfPzt2+4cvIgTEYB8C/mlQZvzo4f7AA6pGEBmZ6/abIiP1Zc4y9hArV K+3xQyes/8KlXtJjJkUHDkGeoLAWwhd4J7kwQwh7d4En5/Am5mve1ZbnlwwthD3SUwsoTTT1N6eX gsE2skEpYr9EnOhJbpDAYKvZ0y2s0SbJ32WlAZh8HvRUtMKfz4zwLdqphJzGA3v8E/a1LHeSYHLj mCiMWmHnCSpeJk0EiK5sVxwrhNzcjXvmaT9AfbqGnbmmPlreWnpg3dVga+J1rAjizwTXsG8k24We
