dNt/mdyNvnpbIzdYsgf3qTTe7FJtBZj9hrzjRqemM65jhIcSPM676DktYsmA5T3m0QtHNoHvf87i TumHGQUUX13RXKpJeXnLcxXZVIAH1m6a0bR48pWxh+6wL5UdroUnlJiFaVlFqblpgmb1Z39LOnKO X1R3bx3oLacmf2OYTGyDgzOHtBcWt1ILxKIGuc5tRFbuTIADjM5D9FS09ERNoKBXRo/KTMIzlpsZ tqv8TRBeFHpxubRaJJBl2b2hQ+UukYqAt8geqIr1ClIlUfmOkWmdEXF8wvUu53M/Vo+Xo+kPq4tc ishicb5Y8MXmV+fs3zLiuaJjJPDobjBpyD/ocprc8cOnemUaeFztZqq1thW7GJtDhtcbahmOz+e9 8O442988hlgLQNBg+cDZGW4q2iqyl8jz2Pcqp7bhydRLjDCVz2OPS+MXOae1WpUB0ihveaW+nhUf DgW2qmeEzm1Ah0deq+5Fk6mlng+rxXtCb5vL3U3tcIBcrXP4aTsSxijJgeecV0P16FTlrwRxILAv NyTQAYCFwqKrh0RMTmqUrq+P9VJS/XIPb65e92OjSOlhD3qaNLj5LcIsmt5Dq+qrWN6LwMXizq0k r19MubwDd3PIeNQ/PQR3C/u8x7Rdui2S+BeOmVdZCCPkEq23hbp6WXffAuPCcucPh0iH0HfZlUAi 0Gl31n17J5pADesN96MiJjlWM1NsAADRijb4UMUKFPLIBwxR653ISVE2V5QMBxgxPGCzMs85rV4W 1kjxOFu8A0uNWwSx24H7UkS9uBY9H6jLzDAbcCrFbkjmppy7Qm+8p6XzMoErj4A/iYerqRC4kcK1 xFLp7x/e1ZR+uWWJWOyCP5NcVv4gOo6R9SEuFneM0WYVSkI0xrs2k8h68I9EElvSIH2nHnDk3a9J vskDp6WvGUlUbLmrkRKSYAmR4PAkLSiYoC069dkBqianvk2taYdVQgTlb/iovblYcL6ob4ryd0xg
