XUrUqXD0PnNYWLyZI03ItgNIRhbmFjT/OkcWsagUXv3zgrTXfYFk6X7qpzA2nnb3KR/zKq2Kz5IX 1k+SZimue1cr3J+8cmS2Va+rzhvVXjF0ftY4OP7KcSYW7/5Pg2dJVcQCAFQ/NuHADbRfQ5pwO2/K 8LvX1anS3TyThofmCrQKJQFyuGqtICjLi+yCzOEqjXVDd4lWPG/i4AjPmp5HCpQOmOLHGYmBGXis Zipr7iyKxhLCgjihJ3ELWmigRgXsgccYGGvG0h/Rv9WNGVRLSgmnuzLLFd98NeeyEWSz2mYNoLXJ mMDQb8rtGPw5Y4HnEMKwJsLOMYN92iLAGihYTt17uNDEr1L9PYiGmGSaJdA8a8SQQmrRyBT4RF4N EBfVii/jF6r26+3bi8HQCD2TOGG4KI9c2Q/w97RMSenAAyWZYcyt98qyORm9qCPLaqXgVKmQIhf2 UO4i9h8MwASeltWyVYEs1iQi1BV9rAqou91QGYoOMgv/ZIMSBjEGgIFAD3V6sDMaNwhuO491Yang GmuzZzMoY6RsNSShy33+GAmF1TOSXkEFcp4coXITbCJ6D76CtshdnfX2/vWgyO++eV1hEQqccj8U iQnfuYSzRqo9pfay6IHDbmmw7dwrc0IecKhKquwFZ0xgF6Jk6Cv92qnvNmuWQEft0BF2nN0/Q8ao GfilfTJGX97G9eQKzlbaJat5qnCmKo0oPxt7R0uLPR9kmhkGDGIfotYBeEglQgrS+y+Sw0SyIS3e gjig0hXAr6pkccfEY9DVPNMltrSg52+EHqM0qn91zo3RwueNAdLRHzfOujgpjBVIMKX84ipSWbQN ks82oPgJNs+y5NX6zDsXAOhqWvHqUss7Wz1f13cTrxj5RZvGkGV+RUTRatqPjcuLm4UTaLD5Jn9P 5bSEjggWr8fPhKdBiaw+DBmfD7lFMIS8K5wwImwBrtKuz9kKoA55lA/sG788HBr+lOAn/ygBqNNN
