PagIyaNhlb07fPGwssYGBkUDPw4ZOcaT9Zvpacn+hlpUQVyTxYZvtii56xSI9+Mr0zG6rgNYRmtv xjaNbR/HmZlrnEqiiiSwZcYPGpyB6lgQf3MKmfPEfpxs2ocUnVeuEmxb4xv8A+3FKF60PKmS5BpC R9qy4e49zRtS06k7eRvYCvfEXBwquV+5K84Vcko2dzfbONMio4DutgyYsV/rViQ4wIHV2vWWcRAZ UqWVZd8ETn1n7sVLwOpLmHAr/T5FD/+WqfGtibhCZxCkrsOWI/8Zjf4qPZIDumOOHb4Fu5S1obkM ehuBHUOCn8WJfLbZBtyKhep0kF4M4EaiyViHvHb0wu0rCdjbcIlj+A727FvpC1sOcZOheS4fBnGX plp0QvhIulZ5vMWyHhWDNX6SAykkJcBkgCMZ04Oj7jwwoz7u/LO5FKvYqZLB6Vk6eHrqkyO0nVTx 86uvJWWz2k9bTGiX7pxhBgzYXkfAYo3fiOghOwkwYYp8KVR9/85LfEsDZX4RaSszpR9RrspXWmyb EVW/vpMeKRvnXLodyrqulPWZ7VxyxnTzutgdxEJAzYUIlmNyMpb7UN8HkijZQwXj5LZ0tdEDzP9A yhF5/TdY1y4/N5krouZCwU17Z7LXK7YstDrnsQF27pBva07rVH/BS19WXMxI+ynoDAkvpOxOr11U X6PXsLN4bACZR8tNdz7r5zOLnfi7g7RZ/Qy6moxduZjco66y8Sm+zTq/t9ZVC3fx8zn0eXGkmfmP aIgAuonQlBEsaIxTvBhb51xuy5KvLSYjtai2T42fkpTYCmhqf3zYvTlmXmMUj7h9+3hhQoD0hjQQ tDgqTGxBKtcXvC4qWSyi3N6EX4lFAzAzET2CcUXR8btqNCr4Ot8fC2WmOSjrB9/s6zb7N7HzUDBP jm8PB/Stkb84FfL9lpena9SU60AgwDPp53zSQNsJlHpL7MV/z62KG9QywgRuo9Wpagi/NiAjxVKV
